2025-04-16 15:13:34 INFO  [main] c.b.BicycleDialerCenterApplication - Starting BicycleDialerCenterApplication using Java 22.0.2 with PID 3012 (G:\IdeaProjects\BicycleDialerCenter\target\classes started by Admin in G:\IdeaProjects\BicycleDialerCenter)
2025-04-16 15:13:34 DEBUG [main] c.b.BicycleDialerCenterApplication - Running with Spring Boot v3.4.2, Spring v6.2.2
2025-04-16 15:13:34 INFO  [main] c.b.BicycleDialerCenterApplication - No active profile set, falling back to 1 default profile: "default"
2025-04-16 15:13:35 INFO  [main] o.s.d.r.c.RepositoryConfigurationDelegate - Bootstrapping Spring Data JPA repositories in DEFAULT mode.
2025-04-16 15:13:35 INFO  [main] o.s.d.r.c.RepositoryConfigurationDelegate - Finished Spring Data repository scanning in 59 ms. Found 3 JPA repository interfaces.
2025-04-16 15:13:36 INFO  [main] o.s.b.w.e.tomcat.TomcatWebServer - Tomcat initialized with port 8080 (http)
2025-04-16 15:13:36 INFO  [main] o.a.coyote.http11.Http11NioProtocol - Initializing ProtocolHandler ["http-nio-8080"]
2025-04-16 15:13:36 INFO  [main] o.a.catalina.core.StandardService - Starting service [Tomcat]
2025-04-16 15:13:36 INFO  [main] o.a.catalina.core.StandardEngine - Starting Servlet engine: [Apache Tomcat/10.1.34]
2025-04-16 15:13:36 INFO  [main] o.a.c.c.C.[Tomcat].[localhost].[/] - Initializing Spring embedded WebApplicationContext
2025-04-16 15:13:36 INFO  [main] o.s.b.w.s.c.ServletWebServerApplicationContext - Root WebApplicationContext: initialization completed in 1990 ms
2025-04-16 15:13:37 INFO  [main] o.s.o.j.p.SpringPersistenceUnitInfo - No LoadTimeWeaver setup: ignoring JPA class transformer
2025-04-16 15:13:37 INFO  [main] com.zaxxer.hikari.HikariDataSource - HikariPool-1 - Starting...
2025-04-16 15:13:37 INFO  [main] com.zaxxer.hikari.pool.HikariPool - HikariPool-1 - Added connection org.postgresql.jdbc.PgConnection@4a520f05
2025-04-16 15:13:37 INFO  [main] com.zaxxer.hikari.HikariDataSource - HikariPool-1 - Start completed.
2025-04-16 15:13:39 INFO  [main] o.s.o.j.LocalContainerEntityManagerFactoryBean - Initialized JPA EntityManagerFactory for persistence unit 'default'
2025-04-16 15:13:39 INFO  [main] o.s.d.j.r.query.QueryEnhancerFactory - Hibernate is in classpath; If applicable, HQL parser will be used.
2025-04-16 15:13:41 INFO  [main] o.a.coyote.http11.Http11NioProtocol - Starting ProtocolHandler ["http-nio-8080"]
2025-04-16 15:13:41 INFO  [main] o.s.b.w.e.tomcat.TomcatWebServer - Tomcat started on port 8080 (http) with context path '/'
2025-04-16 15:13:41 INFO  [main] c.b.BicycleDialerCenterApplication - Started BicycleDialerCenterApplication in 7.722 seconds (process running for 8.47)
2025-04-16 15:13:42 INFO  [http-nio-8080-exec-1] o.a.c.c.C.[Tomcat].[localhost].[/] - Initializing Spring DispatcherServlet 'dispatcherServlet'
2025-04-16 15:13:42 INFO  [http-nio-8080-exec-1] o.s.web.servlet.DispatcherServlet - Initializing Servlet 'dispatcherServlet'
2025-04-16 15:13:42 INFO  [http-nio-8080-exec-1] o.s.web.servlet.DispatcherServlet - Completed initialization in 0 ms
2025-04-16 15:13:43 INFO  [http-nio-8080-exec-3] o.s.api.AbstractOpenApiResource - Init duration for springdoc-openapi is: 610 ms
2025-04-16 15:13:52 INFO  [http-nio-8080-exec-5] com.bikedc.aspect.LoggingAspect - Entering: com.bikedc.controller.UserController.getUserById() with arguments = [5]
2025-04-16 15:13:52 DEBUG [http-nio-8080-exec-5] com.bikedc.aspect.LoggingAspect - Service method called: com.bikedc.service.impl.UserServiceImpl.getUserById()
2025-04-16 15:13:52 INFO  [http-nio-8080-exec-5] com.bikedc.aspect.LoggingAspect - Exiting: com.bikedc.controller.UserController.getUserById() with result = <200 OK OK,com.bikedc.model.User@24,[]>, execution time = 119 ms
2025-04-16 15:14:14 INFO  [http-nio-8080-exec-7] com.bikedc.aspect.LoggingAspect - Entering: com.bikedc.controller.LogController.getLogFile() with arguments = [2025-04-16]
2025-04-16 15:14:14 INFO  [http-nio-8080-exec-7] com.bikedc.aspect.LoggingAspect - Exiting: com.bikedc.controller.LogController.getLogFile() with result = <200 OK OK,URL [file:///G:/IdeaProjects/BicycleDialerCenter/logs/app-2025-04-16.log],[Content-Type:"text/plain", Content-Disposition:"attachment; filename="app-logs-2025-04-16.log""]>, execution time = 7 ms
2025-04-16 15:14:32 INFO  [http-nio-8080-exec-9] com.bikedc.aspect.LoggingAspect - Entering: com.bikedc.controller.LogController.getLogFile() with arguments = [2025-04-16]
2025-04-16 15:14:32 INFO  [http-nio-8080-exec-9] com.bikedc.aspect.LoggingAspect - Exiting: com.bikedc.controller.LogController.getLogFile() with result = <200 OK OK,URL [file:///G:/IdeaProjects/BicycleDialerCenter/logs/app-2025-04-16.log],[Content-Type:"text/plain", Content-Disposition:"attachment; filename="app-logs-2025-04-16.log""]>, execution time = 0 ms
2025-04-16 15:14:49 INFO  [SpringApplicationShutdownHook] o.s.b.w.e.tomcat.GracefulShutdown - Commencing graceful shutdown. Waiting for active requests to complete
2025-04-16 15:14:49 INFO  [tomcat-shutdown] o.s.b.w.e.tomcat.GracefulShutdown - Graceful shutdown complete
2025-04-16 15:14:49 INFO  [SpringApplicationShutdownHook] o.s.o.j.LocalContainerEntityManagerFactoryBean - Closing JPA EntityManagerFactory for persistence unit 'default'
2025-04-16 15:14:49 INFO  [SpringApplicationShutdownHook] com.zaxxer.hikari.HikariDataSource - HikariPool-1 - Shutdown initiated...
2025-04-16 15:14:49 INFO  [SpringApplicationShutdownHook] com.zaxxer.hikari.HikariDataSource - HikariPool-1 - Shutdown completed.
2025-04-16 15:16:31 INFO  [main] c.b.BicycleDialerCenterApplication - Starting BicycleDialerCenterApplication using Java 22.0.2 with PID 6484 (G:\IdeaProjects\BicycleDialerCenter\target\classes started by Admin in G:\IdeaProjects\BicycleDialerCenter)
2025-04-16 15:16:31 DEBUG [main] c.b.BicycleDialerCenterApplication - Running with Spring Boot v3.4.2, Spring v6.2.2
2025-04-16 15:16:31 INFO  [main] c.b.BicycleDialerCenterApplication - No active profile set, falling back to 1 default profile: "default"
2025-04-16 15:16:32 INFO  [main] o.s.d.r.c.RepositoryConfigurationDelegate - Bootstrapping Spring Data JPA repositories in DEFAULT mode.
2025-04-16 15:16:32 INFO  [main] o.s.d.r.c.RepositoryConfigurationDelegate - Finished Spring Data repository scanning in 70 ms. Found 3 JPA repository interfaces.
2025-04-16 15:16:33 INFO  [main] o.s.b.w.e.tomcat.TomcatWebServer - Tomcat initialized with port 8080 (http)
2025-04-16 15:16:33 INFO  [main] o.a.coyote.http11.Http11NioProtocol - Initializing ProtocolHandler ["http-nio-8080"]
2025-04-16 15:16:33 INFO  [main] o.a.catalina.core.StandardService - Starting service [Tomcat]
2025-04-16 15:16:33 INFO  [main] o.a.catalina.core.StandardEngine - Starting Servlet engine: [Apache Tomcat/10.1.34]
2025-04-16 15:16:33 INFO  [main] o.a.c.c.C.[Tomcat].[localhost].[/] - Initializing Spring embedded WebApplicationContext
2025-04-16 15:16:33 INFO  [main] o.s.b.w.s.c.ServletWebServerApplicationContext - Root WebApplicationContext: initialization completed in 2256 ms
2025-04-16 15:16:34 INFO  [main] o.s.o.j.p.SpringPersistenceUnitInfo - No LoadTimeWeaver setup: ignoring JPA class transformer
2025-04-16 15:16:34 INFO  [main] com.zaxxer.hikari.HikariDataSource - HikariPool-1 - Starting...
2025-04-16 15:16:34 INFO  [main] com.zaxxer.hikari.pool.HikariPool - HikariPool-1 - Added connection org.postgresql.jdbc.PgConnection@53e28097
2025-04-16 15:16:34 INFO  [main] com.zaxxer.hikari.HikariDataSource - HikariPool-1 - Start completed.
2025-04-16 15:16:36 INFO  [main] o.s.o.j.LocalContainerEntityManagerFactoryBean - Initialized JPA EntityManagerFactory for persistence unit 'default'
2025-04-16 15:16:37 INFO  [main] o.s.d.j.r.query.QueryEnhancerFactory - Hibernate is in classpath; If applicable, HQL parser will be used.
2025-04-16 15:16:39 INFO  [main] o.a.coyote.http11.Http11NioProtocol - Starting ProtocolHandler ["http-nio-8080"]
2025-04-16 15:16:39 INFO  [main] o.s.b.w.e.tomcat.TomcatWebServer - Tomcat started on port 8080 (http) with context path '/'
2025-04-16 15:16:39 INFO  [main] c.b.BicycleDialerCenterApplication - Started BicycleDialerCenterApplication in 8.817 seconds (process running for 9.614)
2025-04-16 15:16:42 INFO  [http-nio-8080-exec-3] o.a.c.c.C.[Tomcat].[localhost].[/] - Initializing Spring DispatcherServlet 'dispatcherServlet'
2025-04-16 15:16:42 INFO  [http-nio-8080-exec-3] o.s.web.servlet.DispatcherServlet - Initializing Servlet 'dispatcherServlet'
2025-04-16 15:16:42 INFO  [http-nio-8080-exec-3] o.s.web.servlet.DispatcherServlet - Completed initialization in 2 ms
2025-04-16 15:16:42 INFO  [http-nio-8080-exec-3] com.bikedc.aspect.LoggingAspect - Entering: com.bikedc.controller.UserController.getUserById() with arguments = [5]
2025-04-16 15:16:42 DEBUG [http-nio-8080-exec-3] com.bikedc.aspect.LoggingAspect - Service method called: com.bikedc.service.impl.UserServiceImpl.getUserById()
2025-04-16 15:16:42 INFO  [http-nio-8080-exec-3] com.bikedc.aspect.LoggingAspect - Exiting: com.bikedc.controller.UserController.getUserById() with result = <200 OK OK,com.bikedc.model.User@24,[]>, execution time = 107 ms
2025-04-16 15:17:59 INFO  [http-nio-8080-exec-8] o.s.api.AbstractOpenApiResource - Init duration for springdoc-openapi is: 611 ms
2025-04-16 15:18:09 INFO  [http-nio-8080-exec-10] com.bikedc.aspect.LoggingAspect - Entering: com.bikedc.controller.UserController.getUserById() with arguments = [4]
2025-04-16 15:18:09 DEBUG [http-nio-8080-exec-10] com.bikedc.aspect.LoggingAspect - Service method called: com.bikedc.service.impl.UserServiceImpl.getUserById()
2025-04-16 15:18:09 ERROR [http-nio-8080-exec-10] com.bikedc.aspect.LoggingAspect - Exception in com.bikedc.controller.UserController.getUserById(): User not found with id 4, execution time = 6 ms
2025-04-16 15:18:09 INFO  [http-nio-8080-exec-10] com.bikedc.aspect.LoggingAspect - Entering: com.bikedc.controller.UserController.handleNotFoundException() with arguments = [com.bikedc.exception.ResourceNotFoundException: User not found with id 4]
2025-04-16 15:18:09 INFO  [http-nio-8080-exec-10] com.bikedc.aspect.LoggingAspect - Exiting: com.bikedc.controller.UserController.handleNotFoundException() with result = <404 NOT_FOUND Not Found,User not found with id 4,[]>, execution time = 0 ms
2025-04-16 15:18:19 INFO  [http-nio-8080-exec-6] com.bikedc.aspect.LoggingAspect - Entering: com.bikedc.controller.LogController.getLogFile() with arguments = [вава]
2025-04-16 15:18:19 ERROR [http-nio-8080-exec-6] com.bikedc.aspect.LoggingAspect - Exception in com.bikedc.controller.LogController.getLogFile(): Invalid date format. Please use yyyy-MM-dd, execution time = 2 ms
2025-04-16 15:18:31 INFO  [http-nio-8080-exec-7] com.bikedc.aspect.LoggingAspect - Entering: com.bikedc.controller.LogController.getLogFile() with arguments = [2025-04-16]
2025-04-16 15:18:31 INFO  [http-nio-8080-exec-7] com.bikedc.aspect.LoggingAspect - Exiting: com.bikedc.controller.LogController.getLogFile() with result = <200 OK OK,URL [file:///G:/IdeaProjects/BicycleDialerCenter/logs/app-2025-04-16.log],[Content-Type:"text/plain", Content-Disposition:"attachment; filename="app-logs-2025-04-16.log""]>, execution time = 1 ms
2025-04-16 15:26:38 INFO  [http-nio-8080-exec-5] o.s.api.AbstractOpenApiResource - Init duration for springdoc-openapi is: 269 ms
2025-04-16 15:31:24 WARN  [HikariPool-1 housekeeper] com.zaxxer.hikari.pool.HikariPool - HikariPool-1 - Thread starvation or clock leap detected (housekeeper delta=3m20s45ms883µs500ns).
2025-04-16 15:31:31 INFO  [SpringApplicationShutdownHook] o.s.b.w.e.tomcat.GracefulShutdown - Commencing graceful shutdown. Waiting for active requests to complete
2025-04-16 15:31:31 INFO  [tomcat-shutdown] o.s.b.w.e.tomcat.GracefulShutdown - Graceful shutdown complete
2025-04-16 15:31:31 INFO  [SpringApplicationShutdownHook] o.s.o.j.LocalContainerEntityManagerFactoryBean - Closing JPA EntityManagerFactory for persistence unit 'default'
2025-04-16 15:31:31 INFO  [SpringApplicationShutdownHook] com.zaxxer.hikari.HikariDataSource - HikariPool-1 - Shutdown initiated...
2025-04-16 15:31:31 INFO  [SpringApplicationShutdownHook] com.zaxxer.hikari.HikariDataSource - HikariPool-1 - Shutdown completed.
2025-04-16 15:36:00 INFO  [main] c.b.BicycleDialerCenterApplication - Starting BicycleDialerCenterApplication using Java 22.0.2 with PID 4340 (G:\IdeaProjects\BicycleDialerCenter\target\classes started by Admin in G:\IdeaProjects\BicycleDialerCenter)
2025-04-16 15:36:00 DEBUG [main] c.b.BicycleDialerCenterApplication - Running with Spring Boot v3.4.2, Spring v6.2.2
2025-04-16 15:36:00 INFO  [main] c.b.BicycleDialerCenterApplication - No active profile set, falling back to 1 default profile: "default"
2025-04-16 15:36:01 INFO  [main] o.s.d.r.c.RepositoryConfigurationDelegate - Bootstrapping Spring Data JPA repositories in DEFAULT mode.
2025-04-16 15:36:01 INFO  [main] o.s.d.r.c.RepositoryConfigurationDelegate - Finished Spring Data repository scanning in 68 ms. Found 3 JPA repository interfaces.
2025-04-16 15:36:02 INFO  [main] o.s.b.w.e.tomcat.TomcatWebServer - Tomcat initialized with port 8080 (http)
2025-04-16 15:36:02 INFO  [main] o.a.coyote.http11.Http11NioProtocol - Initializing ProtocolHandler ["http-nio-8080"]
2025-04-16 15:36:02 INFO  [main] o.a.catalina.core.StandardService - Starting service [Tomcat]
2025-04-16 15:36:02 INFO  [main] o.a.catalina.core.StandardEngine - Starting Servlet engine: [Apache Tomcat/10.1.34]
2025-04-16 15:36:02 INFO  [main] o.a.c.c.C.[Tomcat].[localhost].[/] - Initializing Spring embedded WebApplicationContext
2025-04-16 15:36:02 INFO  [main] o.s.b.w.s.c.ServletWebServerApplicationContext - Root WebApplicationContext: initialization completed in 2062 ms
2025-04-16 15:36:03 INFO  [main] o.s.o.j.p.SpringPersistenceUnitInfo - No LoadTimeWeaver setup: ignoring JPA class transformer
2025-04-16 15:36:03 INFO  [main] com.zaxxer.hikari.HikariDataSource - HikariPool-1 - Starting...
2025-04-16 15:36:03 INFO  [main] com.zaxxer.hikari.pool.HikariPool - HikariPool-1 - Added connection org.postgresql.jdbc.PgConnection@56cd5d76
2025-04-16 15:36:03 INFO  [main] com.zaxxer.hikari.HikariDataSource - HikariPool-1 - Start completed.
2025-04-16 15:36:05 INFO  [main] o.s.o.j.LocalContainerEntityManagerFactoryBean - Initialized JPA EntityManagerFactory for persistence unit 'default'
2025-04-16 15:36:05 INFO  [main] o.s.d.j.r.query.QueryEnhancerFactory - Hibernate is in classpath; If applicable, HQL parser will be used.
2025-04-16 15:36:07 INFO  [main] o.a.coyote.http11.Http11NioProtocol - Starting ProtocolHandler ["http-nio-8080"]
2025-04-16 15:36:07 INFO  [main] o.s.b.w.e.tomcat.TomcatWebServer - Tomcat started on port 8080 (http) with context path '/'
2025-04-16 15:36:07 INFO  [main] c.b.BicycleDialerCenterApplication - Started BicycleDialerCenterApplication in 8.172 seconds (process running for 9.036)
2025-04-16 15:36:08 INFO  [http-nio-8080-exec-1] o.a.c.c.C.[Tomcat].[localhost].[/] - Initializing Spring DispatcherServlet 'dispatcherServlet'
2025-04-16 15:36:08 INFO  [http-nio-8080-exec-1] o.s.web.servlet.DispatcherServlet - Initializing Servlet 'dispatcherServlet'
2025-04-16 15:36:08 INFO  [http-nio-8080-exec-1] o.s.web.servlet.DispatcherServlet - Completed initialization in 1 ms
2025-04-16 15:36:08 INFO  [http-nio-8080-exec-8] o.s.api.AbstractOpenApiResource - Init duration for springdoc-openapi is: 440 ms
